// Jest Snapshot v1, https://goo.gl/fbAQLP

exports[`Search List Item renders properly 1`] = `
ShallowWrapper {
  "length": 1,
  Symbol(enzyme.__root__): [Circular],
  Symbol(enzyme.__unrendered__): <SearchListItem
    show={
        Object {
            "name": "Test",
          }
    }
/>,
  Symbol(enzyme.__renderer__): Object {
    "batchedUpdates": [Function],
    "getNode": [Function],
    "render": [Function],
    "simulateEvent": [Function],
    "unmount": [Function],
  },
  Symbol(enzyme.__node__): Object {
    "instance": null,
    "key": undefined,
    "nodeType": "class",
    "props": Object {
      "children": Array [
        <ResultImage
          alt="Test poster"
          src="none"
/>,
        <ResultName>
          <QuaternaryHeading>
                    Test
          </QuaternaryHeading>
          <p>
                    N/A
          </p>
</ResultName>,
      ],
      "to": "/tv/undefined",
    },
    "ref": null,
    "rendered": Array [
      Object {
        "instance": null,
        "key": undefined,
        "nodeType": "class",
        "props": Object {
          "alt": "Test poster",
          "src": "none",
        },
        "ref": null,
        "rendered": null,
        "type": [Function],
      },
      Object {
        "instance": null,
        "key": undefined,
        "nodeType": "class",
        "props": Object {
          "children": Array [
            <QuaternaryHeading>
              Test
</QuaternaryHeading>,
            <p>
              N/A
</p>,
          ],
        },
        "ref": null,
        "rendered": Array [
          Object {
            "instance": null,
            "key": undefined,
            "nodeType": "class",
            "props": Object {
              "children": "Test",
            },
            "ref": null,
            "rendered": "Test",
            "type": [Function],
          },
          Object {
            "instance": null,
            "key": undefined,
            "nodeType": "host",
            "props": Object {
              "children": "N/A",
            },
            "ref": null,
            "rendered": "N/A",
            "type": "p",
          },
        ],
        "type": [Function],
      },
    ],
    "type": [Function],
  },
  Symbol(enzyme.__nodes__): Array [
    Object {
      "instance": null,
      "key": undefined,
      "nodeType": "class",
      "props": Object {
        "children": Array [
          <ResultImage
            alt="Test poster"
            src="none"
/>,
          <ResultName>
            <QuaternaryHeading>
                        Test
            </QuaternaryHeading>
            <p>
                        N/A
            </p>
</ResultName>,
        ],
        "to": "/tv/undefined",
      },
      "ref": null,
      "rendered": Array [
        Object {
          "instance": null,
          "key": undefined,
          "nodeType": "class",
          "props": Object {
            "alt": "Test poster",
            "src": "none",
          },
          "ref": null,
          "rendered": null,
          "type": [Function],
        },
        Object {
          "instance": null,
          "key": undefined,
          "nodeType": "class",
          "props": Object {
            "children": Array [
              <QuaternaryHeading>
                Test
</QuaternaryHeading>,
              <p>
                N/A
</p>,
            ],
          },
          "ref": null,
          "rendered": Array [
            Object {
              "instance": null,
              "key": undefined,
              "nodeType": "class",
              "props": Object {
                "children": "Test",
              },
              "ref": null,
              "rendered": "Test",
              "type": [Function],
            },
            Object {
              "instance": null,
              "key": undefined,
              "nodeType": "host",
              "props": Object {
                "children": "N/A",
              },
              "ref": null,
              "rendered": "N/A",
              "type": "p",
            },
          ],
          "type": [Function],
        },
      ],
      "type": [Function],
    },
  ],
  Symbol(enzyme.__options__): Object {
    "adapter": ReactSixteenAdapter {
      "options": Object {
        "enableComponentDidUpdateOnSetState": true,
      },
    },
  },
}
`;
